[demo.themewinter.com/html/exhibz/pricing.html]
[backblue.gif]
[fade.gif]
[index.html]
[demo.themewinter.com/html/exhibz/css/bootstrap.min.css]
[demo.themewinter.com/html/exhibz/css/font-awesome.min.css]
[demo.themewinter.com/html/exhibz/css/animate.css]
[demo.themewinter.com/html/exhibz/css/magnific-popup.css]
[demo.themewinter.com/html/exhibz/css/owl.carousel.min.css]
[demo.themewinter.com/html/exhibz/css/isotop.css]
[demo.themewinter.com/html/exhibz/css/xsIcon.css]
[demo.themewinter.com/html/exhibz/css/style.css]
[demo.themewinter.com/html/exhibz/css/responsive.css]
[demo.themewinter.com/html/exhibz/index.html]
[demo.themewinter.com/html/exhibz/images/logos/logo.png]
[demo.themewinter.com/html/exhibz/index-2.html]
[demo.themewinter.com/html/exhibz/index-3.html]
[demo.themewinter.com/html/exhibz/index-4.html]
[demo.themewinter.com/html/exhibz/index-5.html]
[demo.themewinter.com/html/exhibz/index-6.html]
[demo.themewinter.com/html/exhibz/index-7.html]
[demo.themewinter.com/html/exhibz/about-us.html]
[demo.themewinter.com/html/exhibz/gallery.html]
[demo.themewinter.com/html/exhibz/faq.html]
[demo.themewinter.com/html/exhibz/sponsors-1.html]
[demo.themewinter.com/html/exhibz/venue.html]
[demo.themewinter.com/html/exhibz/404.html]
[demo.themewinter.com/html/exhibz/speakers-1.html]
[demo.themewinter.com/html/exhibz/speakers-2.html]
[demo.themewinter.com/html/exhibz/schedule-list.html]
[demo.themewinter.com/html/exhibz/schedule-tab-1.html]
[demo.themewinter.com/html/exhibz/schedule-tab-2.html]
[demo.themewinter.com/html/exhibz/blog.html]
[demo.themewinter.com/html/exhibz/news-single.html]
[demo.themewinter.com/html/exhibz/contact.html]
[demo.themewinter.com/html/exhibz/images/hero_area/banner_bg.jpg]
[demo.themewinter.com/html/exhibz/images/pricing/dollar.png]
[demo.themewinter.com/html/exhibz/images/shap/pricing_memphis1.png]
[demo.themewinter.com/html/exhibz/images/pricing/pricing_img.jpg]
[demo.themewinter.com/html/exhibz/images/pricing/dot.png]
[demo.themewinter.com/html/exhibz/images/sponsors/sponsor-1.png]
[demo.themewinter.com/html/exhibz/images/sponsors/sponsor-2.png]
[demo.themewinter.com/html/exhibz/images/sponsors/sponsor-3.png]
[demo.themewinter.com/html/exhibz/images/sponsors/sponsor-4.png]
[demo.themewinter.com/html/exhibz/images/sponsors/sponsor-5.png]
[demo.themewinter.com/html/exhibz/images/sponsors/sponsor-6.png]
[demo.themewinter.com/html/exhibz/images/sponsors/sponsor-7.png]
[demo.themewinter.com/html/exhibz/images/sponsors/sponsor-8.png]
[demo.themewinter.com/html/exhibz/images/book_seat_img.jpg]
[demo.themewinter.com/html/exhibz/images/shap/subscribe_pattern.png]
[demo.themewinter.com/html/exhibz/js/jquery.js]
[demo.themewinter.com/html/exhibz/js/popper.min.js]
[demo.themewinter.com/html/exhibz/js/bootstrap.min.js]
[demo.themewinter.com/html/exhibz/js/jquery.appear.min.js]
[demo.themewinter.com/html/exhibz/js/jquery.jCounter.js]
[demo.themewinter.com/html/exhibz/js/jquery.magnific-popup.min.js]
[demo.themewinter.com/html/exhibz/js/owl.carousel.min.js]
[demo.themewinter.com/html/exhibz/js/wow.min.js]
[demo.themewinter.com/html/exhibz/js/isotope.pkgd.min.js]
[demo.themewinter.com/html/exhibz/pricing.html]
[demo.themewinter.com/html/exhibz/css/bootstrap.min.css]
[demo.themewinter.com/html/exhibz/js/main.js]
[demo.themewinter.com/html/exhibz/fonts/fontawesome-webfont3e6e.eot]
[demo.themewinter.com/html/exhibz/fonts/fontawesome-webfontd41d.eot]
[demo.themewinter.com/html/exhibz/fonts/fontawesome-webfont3e6e.woff2]
[demo.themewinter.com/html/exhibz/fonts/fontawesome-webfont3e6e.woff]
[demo.themewinter.com/html/exhibz/fonts/fontawesome-webfont3e6e.ttf]
[demo.themewinter.com/html/exhibz/css/font-awesome.min.css]
[demo.themewinter.com/html/exhibz/css/animate.css]
[demo.themewinter.com/html/exhibz/css/magnific-popup.css]
[demo.themewinter.com/html/exhibz/fonts/fontawesome-webfont3e6e.svg]
[demo.themewinter.com/html/exhibz/css/owl.carousel.min.css]
[demo.themewinter.com/html/exhibz/css/isotop.css]
[demo.themewinter.com/html/exhibz/css/owl.video.play.html]
[demo.themewinter.com/html/exhibz/fonts/iconfont3963.ttf]
[demo.themewinter.com/html/exhibz/fonts/iconfont3963.woff]
[demo.themewinter.com/html/exhibz/css/xsIcon.css]
[demo.themewinter.com/html/exhibz/images/shap/title.png]
[demo.themewinter.com/html/exhibz/fonts/iconfont3963.svg]
[demo.themewinter.com/html/exhibz/images/shap/title-white.png]
[demo.themewinter.com/html/exhibz/images/hero_area/banner_slices2.png]
[demo.themewinter.com/html/exhibz/images/shap/title-red.png]
[demo.themewinter.com/html/exhibz/images/shap/cta_bg.png]
[demo.themewinter.com/html/exhibz/images/lines-2.png]
[demo.themewinter.com/html/exhibz/images/shap/subscribe_slice_left.png]
[demo.themewinter.com/html/exhibz/images/shap/subscribe_slice_right.png]
[demo.themewinter.com/html/exhibz/images/shap/funfact_wave.png]
[demo.themewinter.com/html/exhibz/images/banner/leanr_bg.png]
[demo.themewinter.com/html/exhibz/css/style.css]
[demo.themewinter.com/html/exhibz/css/responsive.css]
[demo.themewinter.com/html/exhibz/images/hero_area/banner_img.png]
[demo.themewinter.com/html/exhibz/images/hero_area/banner_slices.png]
[demo.themewinter.com/html/exhibz/images/speakers/speaker_bg.png]
[demo.themewinter.com/html/exhibz/images/speakers/speaker1.jpg]
[demo.themewinter.com/html/exhibz/images/speakers/speaker2.jpg]
[demo.themewinter.com/html/exhibz/images/speakers/speaker3.jpg]
[demo.themewinter.com/html/exhibz/images/speakers/speaker4.jpg]
[demo.themewinter.com/html/exhibz/images/speakers/speaker5.jpg]
[demo.themewinter.com/html/exhibz/images/speakers/speaker6.jpg]
[demo.themewinter.com/html/exhibz/images/speakers/speaker7.jpg]
[demo.themewinter.com/html/exhibz/images/speakers/speaker8.jpg]
[demo.themewinter.com/html/exhibz/images/shap/home_speaker_memphis1.png]
[demo.themewinter.com/html/exhibz/images/shap/home_speaker_memphis2.png]
[demo.themewinter.com/html/exhibz/images/shap/home_speaker_memphis3.png]
[demo.themewinter.com/html/exhibz/images/cta_img.jpg]
[demo.themewinter.com/html/exhibz/images/schedule_lunch.png]
[demo.themewinter.com/html/exhibz/images/blog/blog1.jpg]
[demo.themewinter.com/html/exhibz/images/blog/blog2.jpg]
[demo.themewinter.com/html/exhibz/images/blog/blog3.jpg]
[demo.themewinter.com/html/exhibz/images/shap/news_memphis2.png]
[demo.themewinter.com/html/exhibz/images/shap/news_memphis1.png]
[demo.themewinter.com/html/exhibz/images/sponsors/sponsor_img.jpg]
[demo.themewinter.com/html/exhibz/images/sponsors/sponsor1.png]
[demo.themewinter.com/html/exhibz/images/sponsors/sponsor2.png]
[demo.themewinter.com/html/exhibz/images/sponsors/sponsor3.png]
[demo.themewinter.com/html/exhibz/images/sponsors/sponsor4.png]
[demo.themewinter.com/html/exhibz/images/sponsors/sponsor5.png]
[demo.themewinter.com/html/exhibz/images/sponsors/sponsor6.png]
[demo.themewinter.com/html/exhibz/images/sponsors/sponsor7.png]
[demo.themewinter.com/html/exhibz/images/sponsors/sponsor8.png]
[demo.themewinter.com/html/exhibz/images/sponsors/sponsor9.png]
[demo.themewinter.com/html/exhibz/images/shap/Direction_memphis3.png]
[demo.themewinter.com/html/exhibz/images/shap/Direction_memphis2.png]
[demo.themewinter.com/html/exhibz/images/shap/Direction_memphis4.png]
[demo.themewinter.com/html/exhibz/images/shap/Direction_memphis1.png]
[demo.themewinter.com/html/exhibz/index.html]
[demo.themewinter.com/cdn-cgi/scripts/5c5dd728/cloudflare-static/email-decode.min.js]
[demo.themewinter.com/html/exhibz/images/logos/logo-v2.png]
[demo.themewinter.com/html/exhibz/images/hero_area/banner2.jpg]
[demo.themewinter.com/html/exhibz/images/funfact_bg.jpg]
[demo.themewinter.com/html/exhibz/index-2.html]
[demo.themewinter.com/html/exhibz/images/hero_area/banner3.jpg]
[demo.themewinter.com/html/exhibz/images/hero_area/banner4.jpg]
[demo.themewinter.com/html/exhibz/images/hero_area/banner5.jpg]
[demo.themewinter.com/html/exhibz/images/bg/outcomes_bg.jpg]
[demo.themewinter.com/html/exhibz/images/bg/funfact_bg.jpg]
[demo.themewinter.com/html/exhibz/images/about/learn_img.jpg]
[demo.themewinter.com/html/exhibz/images/about/connect_img.jpg]
[demo.themewinter.com/html/exhibz/images/pricing/ticket_bg.jpg]
[demo.themewinter.com/html/exhibz/index-3.html]
[demo.themewinter.com/html/exhibz/images/hero_area/banner6.jpg]
[demo.themewinter.com/html/exhibz/images/pricing/dot2.png]
[demo.themewinter.com/html/exhibz/images/gallery/gallery10.png]
[demo.themewinter.com/html/exhibz/images/gallery/gallery11.png]
[demo.themewinter.com/html/exhibz/images/gallery/gallery6.jpg]
[demo.themewinter.com/html/exhibz/images/shap/home_schedule_memphis2.png]
[demo.themewinter.com/html/exhibz/images/shap/home_schedule_memphis1.png]
[demo.themewinter.com/html/exhibz/index-4.html]
[demo.themewinter.com/html/exhibz/images/hero_area/banner7.jpg]
[demo.themewinter.com/html/exhibz/index-5.html]
[demo.themewinter.com/html/exhibz/images/logos/logo-alt.png]
[demo.themewinter.com/html/exhibz/images/banner/banner_img.png]
[demo.themewinter.com/html/exhibz/images/shap/Shape-1.png]
[demo.themewinter.com/html/exhibz/images/gallery/img_1.png]
[demo.themewinter.com/html/exhibz/images/gallery/img_2.png]
[demo.themewinter.com/html/exhibz/images/gallery/img_3.png]
[demo.themewinter.com/html/exhibz/images/gallery/img_4.png]
[demo.themewinter.com/html/exhibz/images/gallery/img_5.png]
[demo.themewinter.com/html/exhibz/index-6.html]
[demo.themewinter.com/html/exhibz/js/jquery.scrollme.js]
[demo.themewinter.com/html/exhibz/images/bg/top_right_bg.png]
[demo.themewinter.com/html/exhibz/images/hero_area/header_vector.png]
[demo.themewinter.com/html/exhibz/images/hero_area/small_vector.png]
[demo.themewinter.com/html/exhibz/index-7.html]
[demo.themewinter.com/html/exhibz/images/about/about_img.jpg]
[demo.themewinter.com/html/exhibz/about-us.html]
[demo.themewinter.com/html/exhibz/images/gallery/gallery1.jpg]
[demo.themewinter.com/html/exhibz/images/gallery/gallery2.jpg]
[demo.themewinter.com/html/exhibz/images/gallery/gallery3.jpg]
[demo.themewinter.com/html/exhibz/images/gallery/gallery4.jpg]
[demo.themewinter.com/html/exhibz/images/gallery/gallery5.jpg]
[demo.themewinter.com/html/exhibz/images/gallery/gallery7.jpg]
[demo.themewinter.com/html/exhibz/images/gallery/gallery8.jpg]
[demo.themewinter.com/html/exhibz/images/gallery/gallery9.jpg]
[demo.themewinter.com/html/exhibz/gallery.html]
[demo.themewinter.com/html/exhibz/faq.html]
[demo.themewinter.com/html/exhibz/sponsors-1.html]
[demo.themewinter.com/html/exhibz/images/venue/event-hall.jpg]
[demo.themewinter.com/html/exhibz/images/venue/venue-1.jpg]
[demo.themewinter.com/html/exhibz/images/venue/venue-2.jpg]
[demo.themewinter.com/html/exhibz/images/venue/venue-3.jpg]
[demo.themewinter.com/html/exhibz/images/venue/venue-4.jpg]
[demo.themewinter.com/html/exhibz/venue.html]
[demo.themewinter.com/html/exhibz/404.html]
[demo.themewinter.com/html/exhibz/speakers-1.html]
[demo.themewinter.com/html/exhibz/speakers-2.html]
[demo.themewinter.com/html/exhibz/schedule-list.html]
[demo.themewinter.com/html/exhibz/schedule-tab-1.html]
[demo.themewinter.com/html/exhibz/schedule-tab-2.html]
[demo.themewinter.com/html/exhibz/blog.html]
[demo.themewinter.com/html/exhibz/images/blog/blog-details.jpg]
[demo.themewinter.com/html/exhibz/images/avatar/author.jpg]
[demo.themewinter.com/html/exhibz/images/avatar/author2.html]
[demo.themewinter.com/html/exhibz/images/avatar/author3.jpg]
[demo.themewinter.com/html/exhibz/news-single.html]
[demo.themewinter.com/html/exhibz/contact.html]
[demo.themewinter.com/html/exhibz/fonts/fontawesome-webfont3e6e.svg]
[demo.themewinter.com/html/exhibz/css/owl.video.play.html]
[demo.themewinter.com/html/exhibz/fonts/iconfont3963.svg]
[demo.themewinter.com/html/exhibz/images/avatar/author2.html]
